// Jest Snapshot v1, https://goo.gl/fbAQLP

exports[`App.ts Should correctly render app 1`] = `ShallowWrapper {}`;
